=== Bezier Heliostat Surface Optimizer ===
Receiver: 157x50, radius=10.0m
Heliostat: 12.84x9.45m, grid=32
Optimizer: 200 iters, lr=4.0e-04
Loaded: 36 train, 36 val, 1 configs (filtered from 1)
Selected GPU: NVIDIA GeForce RTX 4070 SUPER (discrete)

[1/1] North
  [diag] binding 31: buf=0x1c412a28650, size=24, writes_cnt=20
  Loaded gravity_10deg.bin (PV=12.103 mm)
  Loaded gravity_14deg.bin (PV=11.969 mm)
  Loaded gravity_18deg.bin (PV=11.796 mm)
  Loaded gravity_22deg.bin (PV=11.579 mm)
  Loaded gravity_26deg.bin (PV=11.148 mm)
  Loaded gravity_30deg.bin (PV=10.838 mm)
  Loaded gravity_34deg.bin (PV=10.389 mm)
  Loaded gravity_38deg.bin (PV=9.986 mm)
  Loaded gravity_42deg.bin (PV=9.540 mm)
  Loaded gravity_46deg.bin (PV=9.050 mm)
  Loaded gravity_50deg.bin (PV=8.542 mm)
  Loaded gravity_54deg.bin (PV=7.309 mm)
  Loaded gravity_58deg.bin (PV=6.243 mm)
  Loaded gravity_62deg.bin (PV=5.571 mm)
  Loaded gravity_66deg.bin (PV=4.166 mm)
  Loaded gravity_70deg.bin (PV=3.500 mm)
  Loaded gravity_73deg.bin (PV=2.706 mm)
  Loaded gravity_76deg.bin (PV=2.239 mm)
  Loaded gravity_78deg.bin (PV=1.925 mm)
  Loaded gravity_80deg.bin (PV=1.608 mm)
Optimizing (BOLT mode, 35 bolts): North (dist=300.0m)
  Sparse culling: 3950 active / 7850 total pixels (50%)
  init flux: nzPix=3850 maxF=677.97 sumF=415078.38
 S95=227.3464 m^2
  Iter   0: Loss=52239.953125, S95=227.3420 m^2, time=2.7s
  Iter   1: Loss=48587.816406, S95=210.7646 m^2, time=2.7s
  Iter   2: Loss=45214.687500, S95=195.8815 m^2, time=2.7s
  Iter  10: Loss=32150.902344, S95=138.2168 m^2, time=2.7s
  Iter  20: Loss=24389.548828, S95=104.1195 m^2, time=2.7s
  Iter  30: Loss=18934.941406, S95=79.8583 m^2, time=2.8s
  Iter  40: Loss=15866.645508, S95=66.5537 m^2, time=2.7s
  Iter  50: Loss=14078.082031, S95=58.2384 m^2, time=2.8s
  Iter  60: Loss=12687.845703, S95=52.4310 m^2, time=2.7s
  Iter  70: Loss=12214.263672, S95=50.5056 m^2, time=2.8s
  Iter  80: Loss=12180.803711, S95=50.3055 m^2, time=2.7s
  Iter  90: Loss=12187.176758, S95=50.2922 m^2, time=2.7s
  Iter 100: Loss=12143.373047, S95=50.1276 m^2, time=2.8s
  Iter 110: Loss=12131.544922, S95=50.1009 m^2, time=2.7s
  Iter 120: Loss=12147.321289, S95=50.1010 m^2, time=2.8s
  Iter 130: Loss=12138.980469, S95=50.0876 m^2, time=2.7s
  Iter 140: Loss=12143.422852, S95=50.0743 m^2, time=2.7s
  Iter 150: Loss=12154.832031, S95=50.0787 m^2, time=2.8s
  Iter 160: Loss=12164.900391, S95=50.0698 m^2, time=2.7s
