=== A: CPU path 200iter ===
=== Bezier Heliostat Surface Optimizer ===
Receiver: 157x50, radius=10.0m
Heliostat: 12.84x9.45m, grid=32
Optimizer: 200 iters, lr=4.0e-04
Loaded: 36 train, 36 val, 1 configs (filtered from 1)
Selected GPU: NVIDIA GeForce RTX 4070 SUPER (discrete)

[1/1] North
  [diag] binding 31: buf=0x14084068650, size=24, writes_cnt=20
  Loaded gravity_10deg.bin (PV=12.103 mm)
  Loaded gravity_14deg.bin (PV=11.969 mm)
  Loaded gravity_18deg.bin (PV=11.796 mm)
  Loaded gravity_22deg.bin (PV=11.579 mm)
  Loaded gravity_26deg.bin (PV=11.148 mm)
  Loaded gravity_30deg.bin (PV=10.838 mm)
  Loaded gravity_34deg.bin (PV=10.389 mm)
  Loaded gravity_38deg.bin (PV=9.986 mm)
  Loaded gravity_42deg.bin (PV=9.540 mm)
  Loaded gravity_46deg.bin (PV=9.050 mm)
  Loaded gravity_50deg.bin (PV=8.542 mm)
  Loaded gravity_54deg.bin (PV=7.309 mm)
  Loaded gravity_58deg.bin (PV=6.243 mm)
  Loaded gravity_62deg.bin (PV=5.571 mm)
  Loaded gravity_66deg.bin (PV=4.166 mm)
  Loaded gravity_70deg.bin (PV=3.500 mm)
  Loaded gravity_73deg.bin (PV=2.706 mm)
  Loaded gravity_76deg.bin (PV=2.239 mm)
  Loaded gravity_78deg.bin (PV=1.925 mm)
  Loaded gravity_80deg.bin (PV=1.608 mm)
Optimizing (BOLT mode, 35 bolts): North (dist=300.0m)
  Sparse culling: 3950 active / 7850 total pixels (50%)
  init flux: nzPix=3850 maxF=677.97 sumF=415078.38
 S95=227.3464 m^2
  Iter   0: Loss=52239.398438, S95=227.3420 m^2, time=3.3s
  Iter   1: Loss=48586.261719, S95=210.7646 m^2, time=2.9s
  Iter   2: Loss=45212.765625, S95=195.8860 m^2, time=2.7s
  Iter  10: Loss=32157.394531, S95=138.1545 m^2, time=3.4s
  Iter  20: Loss=24406.261719, S95=104.1684 m^2, time=3.0s
  Iter  30: Loss=18921.736328, S95=79.7915 m^2, time=3.0s
  Iter  40: Loss=15892.416992, S95=66.6338 m^2, time=2.8s
  Iter  50: Loss=14064.300781, S95=58.2651 m^2, time=3.2s
  Iter  60: Loss=12703.596680, S95=52.4666 m^2, time=3.0s
  Iter  70: Loss=12221.942383, S95=50.4878 m^2, time=3.0s
  Iter  80: Loss=12192.068359, S95=50.2922 m^2, time=2.9s
  Iter  90: Loss=12173.304688, S95=50.2299 m^2, time=3.0s
  Iter 100: Loss=12148.455078, S95=50.1499 m^2, time=3.1s
  Iter 110: Loss=12124.828125, S95=50.0965 m^2, time=3.0s
  Iter 120: Loss=12139.934570, S95=50.1098 m^2, time=2.9s
  Iter 130: Loss=12143.565430, S95=50.0787 m^2, time=2.9s
  Iter 140: Loss=12148.546875, S95=50.0743 m^2, time=3.2s
  Iter 150: Loss=12144.525391, S95=50.0609 m^2, time=2.6s
  Iter 160: Loss=12155.292969, S95=50.0743 m^2, time=2.5s
  Iter 170: Loss=12163.890625, S95=50.0565 m^2, time=2.9s
  Iter 180: Loss=12164.618164, S95=50.0520 m^2, time=3.0s
  Iter 190: Loss=12163.477539, S95=50.0609 m^2, time=2.6s
  Done. Best S95: 50.0520 (init: 227.3464, reduction: 78.0%)
  Time: total=392.7s
  Bolt stroke: min=0.000mm  max=36.043mm  (zero-based)

=== Done in 393 sec. Results: results_s95cpu_rerun ===
=== B: GPU path 200iter ===
=== Bezier Heliostat Surface Optimizer ===
Receiver: 157x50, radius=10.0m
Heliostat: 12.84x9.45m, grid=32
Optimizer: 200 iters, lr=4.0e-04
Loaded: 36 train, 36 val, 1 configs (filtered from 1)
Selected GPU: NVIDIA GeForce RTX 4070 SUPER (discrete)

[1/1] North
  [diag] binding 31: buf=0x191802d8650, size=24, writes_cnt=20
  Loaded gravity_10deg.bin (PV=12.103 mm)
  Loaded gravity_14deg.bin (PV=11.969 mm)
  Loaded gravity_18deg.bin (PV=11.796 mm)
  Loaded gravity_22deg.bin (PV=11.579 mm)
  Loaded gravity_26deg.bin (PV=11.148 mm)
  Loaded gravity_30deg.bin (PV=10.838 mm)
  Loaded gravity_34deg.bin (PV=10.389 mm)
  Loaded gravity_38deg.bin (PV=9.986 mm)
  Loaded gravity_42deg.bin (PV=9.540 mm)
  Loaded gravity_46deg.bin (PV=9.050 mm)
  Loaded gravity_50deg.bin (PV=8.542 mm)
  Loaded gravity_54deg.bin (PV=7.309 mm)
  Loaded gravity_58deg.bin (PV=6.243 mm)
  Loaded gravity_62deg.bin (PV=5.571 mm)
  Loaded gravity_66deg.bin (PV=4.166 mm)
  Loaded gravity_70deg.bin (PV=3.500 mm)
  Loaded gravity_73deg.bin (PV=2.706 mm)
  Loaded gravity_76deg.bin (PV=2.239 mm)
  Loaded gravity_78deg.bin (PV=1.925 mm)
  Loaded gravity_80deg.bin (PV=1.608 mm)
Optimizing (BOLT mode, 35 bolts): North (dist=300.0m)
  Sparse culling: 3950 active / 7850 total pixels (50%)
  init flux: nzPix=3850 maxF=677.97 sumF=415078.38
 S95=227.3464 m^2
  Iter   0: Loss=52239.953125, S95=227.3420 m^2, time=2.5s
  Iter   1: Loss=48587.816406, S95=210.7646 m^2, time=2.5s
  Iter   2: Loss=45214.687500, S95=195.8815 m^2, time=2.4s
  Iter  10: Loss=32150.902344, S95=138.2168 m^2, time=2.5s
  Iter  20: Loss=24389.548828, S95=104.1195 m^2, time=2.6s
  Iter  30: Loss=18934.941406, S95=79.8583 m^2, time=2.6s
  Iter  40: Loss=15866.645508, S95=66.5537 m^2, time=2.8s
  Iter  50: Loss=14078.082031, S95=58.2384 m^2, time=2.5s
  Iter  60: Loss=12687.845703, S95=52.4310 m^2, time=2.7s
  Iter  70: Loss=12214.264648, S95=50.5056 m^2, time=2.6s
  Iter  80: Loss=12180.803711, S95=50.3055 m^2, time=2.7s
  Iter  90: Loss=12187.177734, S95=50.2922 m^2, time=2.7s
  Iter 100: Loss=12143.373047, S95=50.1276 m^2, time=2.9s
  Iter 110: Loss=12131.544922, S95=50.1009 m^2, time=2.6s
  Iter 120: Loss=12147.322266, S95=50.1010 m^2, time=2.6s
  Iter 130: Loss=12138.979492, S95=50.0876 m^2, time=2.5s
  Iter 140: Loss=12143.422852, S95=50.0743 m^2, time=2.5s
  Iter 150: Loss=12154.833008, S95=50.0787 m^2, time=2.5s
  Iter 160: Loss=12164.900391, S95=50.0698 m^2, time=2.6s
  Iter 170: Loss=12153.825195, S95=50.0387 m^2, time=2.8s
  Iter 180: Loss=12161.755859, S95=50.0654 m^2, time=2.7s
  Iter 190: Loss=12187.840820, S95=50.1009 m^2, time=2.6s
  Done. Best S95: 50.0387 (init: 227.3464, reduction: 78.0%)
  Time: total=360.5s
  Bolt stroke: min=0.000mm  max=35.973mm  (zero-based)

=== Done in 361 sec. Results: results_s95gpu ===
